Remove Pin=J3-1 From Net=LVDS_TxD_P
Remove Pin=J3-2 From Net=LVDS_TxD_N
Remove Pin=J3-3 From Net=LVDS_RxD_P
Remove Pin=J3-4 From Net=LVDS_RxD_N
Remove Pin=J3-6 From Net=LVDS_TxC_P
Remove Pin=J3-7 From Net=LVDS_TxC_N
Remove Pin=J3-8 From Net=LVDS_RxC_P
Remove Pin=J3-9 From Net=LVDS_RxC_N
Remove Pin=U12-1 From Net=
Remove Pin=U12-2 From Net=
Remove Pin=U12-3 From Net=
Remove Pin=U12-4 From Net=
Remove Pin=U12-5 From Net=
Remove Pin=U12-6 From Net=
Remove Pin=U12-7 From Net=
Remove Pin=U12-8 From Net=
Remove Pin=U12-9 From Net=
Remove Pin=U12-10 From Net=
Remove Pin=U12-11 From Net=
Remove Pin=U12-12 From Net=
Remove Pin=U12-13 From Net=
Remove Pin=U12-14 From Net=
Remove Pin=U12-15 From Net=
Remove Pin=U12-19 From Net=FPGA_TxC_N
Remove Pin=U12-20 From Net=FPGA_TxC_P
Remove Pin=U12-21 From Net=FPGA_TxD_N
Remove Pin=U12-22 From Net=FPGA_TxD_P
Change Component Footprint: Designator=U9 Old Footprint=SOIC127P599X175-8N - duplicate New Footprint=STS5PF30L
