Remove Pin=SB1-2 From Net=QSPI_CLK
Remove Pin=SB2-2 From Net=QSPI_CLK
Remove Pin=SB5-1 From Net=QSPI_BK2_NCS
Remove Pin=U12-1 From Net=
Remove Pin=U12-2 From Net=
Remove Pin=U12-3 From Net=
Remove Pin=U12-4 From Net=
Remove Pin=U12-5 From Net=
Remove Pin=U12-6 From Net=
Remove Pin=U12-7 From Net=
Remove Pin=U12-8 From Net=
Remove Pin=U12-9 From Net=
Remove Pin=U12-10 From Net=
Remove Pin=U12-11 From Net=
Remove Pin=U12-12 From Net=
Remove Pin=U12-13 From Net=
Remove Pin=U12-14 From Net=
Remove Pin=U12-15 From Net=
Remove Pin=U12-19 From Net=FPGA_TxC_N
Remove Pin=U12-20 From Net=FPGA_TxC_P
Remove Pin=U12-21 From Net=FPGA_TxD_N
Remove Pin=U12-22 From Net=FPGA_TxD_P
Change Component Footprint: Designator=Q1 Old Footprint=SO-8_STM New Footprint=SOIC127P599X175-8N
