Change Component Designator: Old Designator=C28 New Designator=C68
Change Component Designator: Old Designator=C29 New Designator=C69
Change Component Designator: Old Designator=C30 New Designator=C70
Change Component Designator: Old Designator=C31 New Designator=C71
Change Component Designator: Old Designator=C32 New Designator=C72
Change Component Designator: Old Designator=C33 New Designator=C73
Change Component Designator: Old Designator=C34 New Designator=C74
Change Component Designator: Old Designator=C35 New Designator=C75
Change Component Designator: Old Designator=C36 New Designator=C76
Change Component Designator: Old Designator=C37 New Designator=C77
Change Component Designator: Old Designator=C38 New Designator=C78
Change Component Designator: Old Designator=C39 New Designator=C90
Change Component Designator: Old Designator=C40 New Designator=C79
Change Component Designator: Old Designator=C41 New Designator=C103
Change Component Designator: Old Designator=C42 New Designator=C88
Change Component Designator: Old Designator=C43 New Designator=C80
Change Component Designator: Old Designator=C44 New Designator=C81
Change Component Designator: Old Designator=C45 New Designator=C82
Change Component Designator: Old Designator=C46 New Designator=C83
Change Component Designator: Old Designator=C47 New Designator=C84
Change Component Designator: Old Designator=C48 New Designator=C85
Change Component Designator: Old Designator=C49 New Designator=C86
Change Component Designator: Old Designator=C50 New Designator=C87
Change Component Designator: Old Designator=C51 New Designator=C89
Change Component Designator: Old Designator=C52 New Designator=C104
Change Component Designator: Old Designator=C53 New Designator=C91
Change Component Designator: Old Designator=C54 New Designator=C92
Change Component Designator: Old Designator=C55 New Designator=C93
Change Component Designator: Old Designator=C56 New Designator=C94
Change Component Designator: Old Designator=C57 New Designator=C95
Change Component Designator: Old Designator=C58 New Designator=C96
Change Component Designator: Old Designator=C59 New Designator=C97
Change Component Designator: Old Designator=C60 New Designator=C98
Change Component Designator: Old Designator=C61 New Designator=C99
Change Component Designator: Old Designator=C62 New Designator=C100
Change Component Designator: Old Designator=C64 New Designator=C101
Change Component Designator: Old Designator=C65 New Designator=C102
Change Component Designator: Old Designator=FB1 New Designator=FB3
Change Component Designator: Old Designator=FB2 New Designator=FB4
Change Component Designator: Old Designator=J1 New Designator=J10
Change Component Designator: Old Designator=L? New Designator=L2
Change Component Designator: Old Designator=R117 New Designator=R205
Change Component Designator: Old Designator=SB6 New Designator=SB7
Change Component Designator: Old Designator=SB7 New Designator=SB8
Change Component Designator: Old Designator=SB8 New Designator=SB9
Change Component Designator: Old Designator=SB9 New Designator=SB10
Change Component Designator: Old Designator=SB10 New Designator=SB11
Change Component Designator: Old Designator=SB11 New Designator=SB12
Change Component Designator: Old Designator=SB12 New Designator=SB13
Change Component Designator: Old Designator=SB13 New Designator=SB14
Change Component Designator: Old Designator=SB14 New Designator=SB15
Change Component Designator: Old Designator=SB15 New Designator=SB16
Change Component Designator: Old Designator=SB16 New Designator=SB17
Change Component Designator: Old Designator=SB17 New Designator=SB18
Change Component Designator: Old Designator=SB18 New Designator=SB19
Change Component Designator: Old Designator=TP2 New Designator=TP3
Change Component Designator: Old Designator=TP3 New Designator=TP4
Change Component Designator: Old Designator=TP4 New Designator=TP5
