Add component: Footprint Not Found CAP_C_1608X80
Add component: Footprint Not Found RES_C_1608X60
Add component: Footprint Not Found RES_C_1608X60
Add component: Footprint Not Found RES_C_1608X60
Added Component: Designator=U5(TFBGA240+25)
Add component (AddParameter): Name = "Alternate_EMS"; Value = ""; VariantName = "[No Variations]"
Add component (AddParameter): Name = "BMS_Part_Number"; Value = "9175307"; VariantName = "[No Variations]"
Add component (AddParameter): Name = "Component_Country_Of_Origin"; Value = "Philippines"; VariantName = "[No Variations]"
Add component (AddParameter): Name = "ComponentLink1Description"; Value = "Datasheet"; VariantName = "[No Variations]"
Add component (AddParameter): Name = "ComponentLink1URL"; Value = "http://tunmcdsvn.tun.st.com/Component_Documentation_Library/Trunk/IC/STMICROELECTRONICS_STM32H745x"; VariantName = "[No Variations]"
Add component (AddParameter): Name = "Full_Alternate_Internal_Part_Number"; Value = ""; VariantName = "[No Variations]"
Add component (AddParameter): Name = "ID"; Value = "3408"; VariantName = "[No Variations]"
Add component (AddParameter): Name = "Initial_Board_Reference"; Value = "MB1381"; VariantName = "[No Variations]"
Add component (AddParameter): Name = "Internal_Part_Number"; Value = "MCD-01085"; VariantName = "[No Variations]"
Add component (AddParameter): Name = "Manufacturer"; Value = "STMICROELECTRONICS"; VariantName = "[No Variations]"
Add component (AddParameter): Name = "Manufacturer_HQ_COO"; Value = "EU"; VariantName = "[No Variations]"
Add component (AddParameter): Name = "Manufacturer_Part_Number"; Value = "STM32H745XIH6"; VariantName = "[No Variations]"
Add component (AddParameter): Name = "Order_Code_Digikey"; Value = "497-19502-ND"; VariantName = "[No Variations]"
Add component (AddParameter): Name = "Order_Code_Farnell"; Value = "3365366"; VariantName = "[No Variations]"
Add component (AddParameter): Name = "Order_Code_RS"; Value = "N/A"; VariantName = "[No Variations]"
Add component (AddParameter): Name = "Package"; Value = "TFBGA-265"; VariantName = "[No Variations]"
Add component (AddParameter): Name = "Part_Preference"; Value = "Recommended"; VariantName = "[No Variations]"
Add component (AddParameter): Name = "Part_Type"; Value = "IC"; VariantName = "[No Variations]"
Add component (AddParameter): Name = "Partial_Alternate_Internal_Part_Number"; Value = ""; VariantName = "[No Variations]"
Add component (AddParameter): Name = "Provided_By"; Value = "STM"; VariantName = "[No Variations]"
Add component (AddParameter): Name = "ShowFields"; Value = "YES"; VariantName = "[No Variations]"
Add component (AddParameter): Name = "Status"; Value = "Checked"; VariantName = "[No Variations]"
Add component (AddParameter): Name = "Value"; Value = "STM32H745XIH6"; VariantName = "[No Variations]"
Add Pin To Net: Unknown Pin: Pin C78-1
Add Pin To Net: Unknown Pin: Pin C78-2
Add Pin To Net: Unknown Pin: Pin J3-1
Add Pin To Net: Unknown Pin: Pin J3-2
Add Pin To Net: Unknown Pin: Pin J3-3
Add Pin To Net: Unknown Pin: Pin J3-4
Add Pin To Net: Unknown Pin: Pin J3-5
Add Pin To Net: Unknown Pin: Pin J3-6
Add Pin To Net: Unknown Pin: Pin J3-7
Add Pin To Net: Unknown Pin: Pin J3-8
Add Pin To Net: Unknown Pin: Pin J3-9
Add Pin To Net: Unknown Pin: Pin J6-1
Add Pin To Net: Unknown Pin: Pin J6-2
Add Pin To Net: Unknown Pin: Pin J6-3
Add Pin To Net: Unknown Pin: Pin J6-4
Add Pin To Net: Unknown Pin: Pin J6-5
Add Pin To Net: Unknown Pin: Pin J7-1
Add Pin To Net: Unknown Pin: Pin J7-2
Add Pin To Net: Unknown Pin: Pin J7-3
Add Pin To Net: Unknown Pin: Pin J7-4
Add Pin To Net: Unknown Pin: Pin J7-5
Add Pin To Net: Unknown Pin: Pin R151-1
Add Pin To Net: Unknown Pin: Pin R151-2
Add Pin To Net: Unknown Pin: Pin R152-1
Add Pin To Net: Unknown Pin: Pin R152-2
Add Pin To Net: Unknown Pin: Pin R153-1
Added Pin To Net: NetName=GND Pin=U5-A1
Added Pin To Net: NetName=NetR50_1 Pin=U5-A2
Added Pin To Net: NetName=NetR48_1 Pin=U5-A3
Added Pin To Net: NetName=NetR46_1 Pin=U5-A4
Added Pin To Net: NetName=ULPI_D7 Pin=U5-A5
Added Pin To Net: NetName=NetSB14_2 Pin=U5-A6
Added Pin To Net: NetName=NetSB8_2 Pin=U5-A7
Added Pin To Net: NetName=LED2 Pin=U5-A9
Added Pin To Net: NetName=NetR55_2 Pin=U5-A10
Added Pin To Net: NetName=SDIO1_D2 Pin=U5-A13
Added Pin To Net: NetName=JTDI Pin=U5-A14
Added Pin To Net: NetName=NetR42_1 Pin=U5-A15
Added Pin To Net: NetName=NetR39_1 Pin=U5-A16
Added Pin To Net: NetName=GND Pin=U5-A17
Added Pin To Net: NetName=NetSB18_2 Pin=U5-B1
Added Pin To Net: NetName=GND Pin=U5-B2
Added Pin To Net: NetName=NetR51_1 Pin=U5-B3
Added Pin To Net: NetName=NetR65_1 Pin=U5-B4
Added Pin To Net: NetName=GND-SD Pin=U5-B6
Added Pin To Net: NetName=K_IN Pin=U5-B10
Added Pin To Net: NetName=SDIO1_D3 Pin=U5-B13
Added Pin To Net: NetName=JTCK/SWCLK Pin=U5-B14
Added Pin To Net: NetName=NetR43_1 Pin=U5-B15
Added Pin To Net: NetName=NetR87_1 Pin=U5-B16
Added Pin To Net: NetName=NetR85_1 Pin=U5-B17
Added Pin To Net: NetName=NetR107_1 Pin=U5-C1
Added Pin To Net: NetName=NetR106_1 Pin=U5-C2
Added Pin To Net: NetName=LVDS_SPI_SCK Pin=U5-C3
Added Pin To Net: NetName=NetR64_1 Pin=U5-C4
Added Pin To Net: NetName=JTDO/SWO Pin=U5-C6
Added Pin To Net: NetName=GND Pin=U5-C10
Added Pin To Net: NetName=SDIO1_CK Pin=U5-C12
Added Pin To Net: NetName=GND Pin=U5-C13
Added Pin To Net: NetName=NetR44_1 Pin=U5-C14
Added Pin To Net: NetName=JTMS/SWDO Pin=U5-C15
Added Pin To Net: NetName=GND-SD Pin=U5-C16
Added Pin To Net: NetName=NetSB14_2 Pin=U5-C17
Added Pin To Net: NetName=LED1 Pin=U5-D2
Added Pin To Net: NetName=COMM_I2C4_EN Pin=U5-D3
Added Pin To Net: NetName=SDIO1_D5 Pin=U5-D4
Added Pin To Net: NetName=SDIO1_D4 Pin=U5-D5
Added Pin To Net: NetName=NetR63_2 Pin=U5-D6
Added Pin To Net: NetName=NetR61_2 Pin=U5-D8
Added Pin To Net: NetName=FRAM_SPI6_SCK Pin=U5-D9
Added Pin To Net: NetName=FPGA_STATUS4 Pin=U5-D10
Added Pin To Net: NetName=FPGA_STATUS2 Pin=U5-D11
Added Pin To Net: NetName=SDIO1_CMD Pin=U5-D12
Added Pin To Net: NetName=NetR37_1 Pin=U5-D13
Added Pin To Net: NetName=VBUS Pin=U5-D15
Added Pin To Net: NetName=NetR83_1 Pin=U5-D16
Added Pin To Net: NetName=NetSB8_2 Pin=U5-D17
Added Pin To Net: NetName=NetC30_2 Pin=U5-E1
Added Pin To Net: NetName=NetR56_1 Pin=U5-E2
Added Pin To Net: NetName=WAKEUP Pin=U5-E3
Added Pin To Net: NetName=LVDS_SPI_MOSI Pin=U5-E5
Added Pin To Net: NetName=VDD_MCU Pin=U5-E6
Added Pin To Net: NetName=NetR111_2 Pin=U5-E7
Added Pin To Net: NetName=BOOT0 Pin=U5-E8
Added Pin To Net: NetName=VDD_MCU Pin=U5-E9
Added Pin To Net: NetName=FPGA_STATUS3 Pin=U5-E10
Added Pin To Net: NetName=VDD_MCU Pin=U5-E11
Added Pin To Net: NetName=NetR40_1 Pin=U5-E12
Added Pin To Net: NetName=SDIO1_D0 Pin=U5-E13
Added Pin To Net: NetName=SDIO1_D1 Pin=U5-E14
Added Pin To Net: NetName=CAN_RX Pin=U5-E16
Added Pin To Net: NetName=CAN_TX Pin=U5-E17
Added Pin To Net: NetName=NetC29_2 Pin=U5-F1
Added Pin To Net: NetName=GND-SD Pin=U5-F2
Added Pin To Net: NetName=NetR58_1 Pin=U5-F3
Added Pin To Net: NetName=VDD_MCU Pin=U5-F5
Added Pin To Net: NetName=SDIO1_D7 Pin=U5-F13
Added Pin To Net: NetName=SDIO1_D6 Pin=U5-F14
Added Pin To Net: NetName=NetR53_2 Pin=U5-F15
Added Pin To Net: NetName=NetC38_2 Pin=U5-F17
Added Pin To Net: NetName=NetR90_1 Pin=U5-G1
Added Pin To Net: NetName=VDD_SDC Pin=U5-G2
Added Pin To Net: NetName=NetR89_1 Pin=U5-G3
Added Pin To Net: NetName=NetR88_1 Pin=U5-G4
Added Pin To Net: NetName=VDD_MCU Pin=U5-G5
Added Pin To Net: NetName=GND Pin=U5-G7
Added Pin To Net: NetName=GND Pin=U5-G8
Added Pin To Net: NetName=GND Pin=U5-G9
Added Pin To Net: NetName=GND Pin=U5-G10
Added Pin To Net: NetName=GND Pin=U5-G11
Added Pin To Net: NetName=VDD_MCU Pin=U5-G13
Added Pin To Net: NetName=NetR47_2 Pin=U5-G14
Added Pin To Net: NetName=NetR49_2 Pin=U5-G15
Added Pin To Net: NetName=GND Pin=U5-G16
Added Pin To Net: NetName=NetC38_2 Pin=U5-G17
Added Pin To Net: NetName=NetR91_1 Pin=U5-H4
Added Pin To Net: NetName=VDD_MCU Pin=U5-H5
Added Pin To Net: NetName=GND Pin=U5-H7
Added Pin To Net: NetName=GND Pin=U5-H8
Added Pin To Net: NetName=GND Pin=U5-H9
Added Pin To Net: NetName=GND Pin=U5-H10
Added Pin To Net: NetName=GND Pin=U5-H11
Added Pin To Net: NetName=VDD_MCU Pin=U5-H13
Added Pin To Net: NetName=NetR45_2 Pin=U5-H14
Added Pin To Net: NetName=NetR97_2 Pin=U5-J2
Added Pin To Net: NetName=GND Pin=U5-J3
Added Pin To Net: NetName=NetR93_1 Pin=U5-J4
Added Pin To Net: NetName=NetR92_1 Pin=U5-J5
Added Pin To Net: NetName=GND Pin=U5-J7
Added Pin To Net: NetName=GND Pin=U5-J8
Added Pin To Net: NetName=GND Pin=U5-J9
Added Pin To Net: NetName=GND Pin=U5-J10
Added Pin To Net: NetName=GND Pin=U5-J11
Added Pin To Net: NetName=VDD_MCU Pin=U5-J13
Added Pin To Net: NetName=GND Pin=U5-J16
Added Pin To Net: NetName=GND Pin=U5-J17
Added Pin To Net: NetName=RESET# Pin=U5-K1
Added Pin To Net: NetName=NetR94_1 Pin=U5-K2
Added Pin To Net: NetName=NetR96_1 Pin=U5-K3
Added Pin To Net: NetName=NetC23_2 Pin=U5-K4
Added Pin To Net: NetName=VDD_MCU Pin=U5-K5
Added Pin To Net: NetName=GND Pin=U5-K7
Added Pin To Net: NetName=GND Pin=U5-K8
Added Pin To Net: NetName=GND Pin=U5-K9
Added Pin To Net: NetName=GND Pin=U5-K10
Added Pin To Net: NetName=GND Pin=U5-K11
Added Pin To Net: NetName=VDD_MCU Pin=U5-K13
Added Pin To Net: NetName=FPGA_STATUS1 Pin=U5-K14
Added Pin To Net: NetName=GND Pin=U5-K15
Added Pin To Net: NetName=VDDA Pin=U5-L1
Added Pin To Net: NetName=ULPI_STP Pin=U5-L2
Added Pin To Net: NetName=NetR99_1 Pin=U5-L3
Added Pin To Net: NetName=NetR98_1 Pin=U5-L4
Added Pin To Net: NetName=VDD_MCU Pin=U5-L5
Added Pin To Net: NetName=GND Pin=U5-L7
Added Pin To Net: NetName=GND Pin=U5-L8
Added Pin To Net: NetName=GND Pin=U5-L9
Added Pin To Net: NetName=GND Pin=U5-L10
Added Pin To Net: NetName=GND Pin=U5-L11
Added Pin To Net: NetName=VDD_MCU Pin=U5-L13
Added Pin To Net: NetName=FPGA_STATUS0 Pin=U5-L14
Added Pin To Net: NetName=GND Pin=U5-L15
Added Pin To Net: NetName=VREF+ Pin=U5-M1
Added Pin To Net: NetName=ULPI_DIR Pin=U5-M3
Added Pin To Net: NetName=ULPI_NXT Pin=U5-M4
Added Pin To Net: NetName=VDD_MCU Pin=U5-M5
Added Pin To Net: NetName=VDD_MCU Pin=U5-M13
Added Pin To Net: NetName=FPGA_D9 Pin=U5-M14
Added Pin To Net: NetName=GND Pin=U5-M15
Added Pin To Net: NetName=GND Pin=U5-N1
Added Pin To Net: NetName=NetR66_2 Pin=U5-N2
Added Pin To Net: NetName=FPGA_TxC Pin=U5-N3
Added Pin To Net: NetName=DEBUG_UART_RX Pin=U5-N4
Added Pin To Net: NetName=DEBUG_UART_TX Pin=U5-N5
Added Pin To Net: NetName=FPGA_D0 Pin=U5-N6
Added Pin To Net: NetName=VDD_MCU Pin=U5-N7
Added Pin To Net: NetName=VDD_MCU Pin=U5-N8
Added Pin To Net: NetName=NetR76_1 Pin=U5-N9
Added Pin To Net: NetName=VDD_MCU Pin=U5-N10
Added Pin To Net: NetName=VDD_MCU Pin=U5-N11
Added Pin To Net: NetName=VDD_MCU Pin=U5-N12
Added Pin To Net: NetName=FPGA_D8 Pin=U5-N13
Added Pin To Net: NetName=FPGA_D7 Pin=U5-N14
Added Pin To Net: NetName=FPGA_D6 Pin=U5-N15
Added Pin To Net: NetName=GND Pin=U5-N16
Added Pin To Net: NetName=NetC39_2 Pin=U5-N17
Added Pin To Net: NetName=GND Pin=U5-P1
Added Pin To Net: NetName=NetR67_2 Pin=U5-P2
Added Pin To Net: NetName=NetR68_2 Pin=U5-P4
Added Pin To Net: NetName=FPGA_D1 Pin=U5-P6
Added Pin To Net: NetName=NetR102_1 Pin=U5-P7
Added Pin To Net: NetName=NetR103_1 Pin=U5-P8
Added Pin To Net: NetName=NetR74_1 Pin=U5-P9
Added Pin To Net: NetName=NetR78_1 Pin=U5-P10
Added Pin To Net: NetName=ULPI_D3 Pin=U5-P11
Added Pin To Net: NetName=ULPI_D4 Pin=U5-P12
Added Pin To Net: NetName=NetR77_1 Pin=U5-P13
Added Pin To Net: NetName=NetR79_1 Pin=U5-P14
Added Pin To Net: NetName=NetR62_1 Pin=U5-P15
Added Pin To Net: NetName=NetR60_1 Pin=U5-P16
Added Pin To Net: NetName=NetSB17_1 Pin=U5-P17
Added Pin To Net: NetName=FRAM_SPI6_MISO Pin=U5-R3
Added Pin To Net: NetName=GND Pin=U5-R4
Added Pin To Net: NetName=FRAM_SPI6_MOSI Pin=U5-R5
Added Pin To Net: NetName=NetR101_1 Pin=U5-R7
Added Pin To Net: NetName=GND Pin=U5-R8
Added Pin To Net: NetName=NetR104_1 Pin=U5-R9
Added Pin To Net: NetName=NetR80_1 Pin=U5-R10
Added Pin To Net: NetName=NetR86_1 Pin=U5-R11
Added Pin To Net: NetName=FPGA_D5 Pin=U5-R12
Added Pin To Net: NetName=NetR75_1 Pin=U5-R13
Added Pin To Net: NetName=NetR81_1 Pin=U5-R14
Added Pin To Net: NetName=NetR59_1 Pin=U5-R15
Added Pin To Net: NetName=COMM_I2C4_SCL Pin=U5-R16
Added Pin To Net: NetName=COMM_I2C4_SDA Pin=U5-R17
Added Pin To Net: NetName=ULPI_CK Pin=U5-T3
Added Pin To Net: NetName=FRAM_CS Pin=U5-T4
Added Pin To Net: NetName=ULPI_D2 Pin=U5-T5
Added Pin To Net: NetName=FPGA_D2 Pin=U5-T6
Added Pin To Net: NetName=NetR100_1 Pin=U5-T7
Added Pin To Net: NetName=NetR38_2 Pin=U5-T8
Added Pin To Net: NetName=NetR72_1 Pin=U5-T9
Added Pin To Net: NetName=NetR82_1 Pin=U5-T10
Added Pin To Net: NetName=NetR69_2 Pin=U5-T11
Added Pin To Net: NetName=GND-SD Pin=U5-T12
Added Pin To Net: NetName=NetR73_1 Pin=U5-T13
Added Pin To Net: NetName=ULPI_D5 Pin=U5-T14
Added Pin To Net: NetName=NetR57_1 Pin=U5-T16
Added Pin To Net: NetName=NetR54_1 Pin=U5-T17
Added Pin To Net: NetName=GND Pin=U5-U1
Added Pin To Net: NetName=ULPI_D0 Pin=U5-U2
Added Pin To Net: NetName=WD_DONE Pin=U5-U4
Added Pin To Net: NetName=ULPI_D1 Pin=U5-U5
Added Pin To Net: NetName=FPGA_D3 Pin=U5-U6
Added Pin To Net: NetName=FPGA_D4 Pin=U5-U7
Added Pin To Net: NetName=NetR41_2 Pin=U5-U8
Added Pin To Net: NetName=NetR70_1 Pin=U5-U9
Added Pin To Net: NetName=NetR84_1 Pin=U5-U10
Added Pin To Net: NetName=NetSB8_2 Pin=U5-U11
Added Pin To Net: NetName=NetSB14_2 Pin=U5-U12
Added Pin To Net: NetName=NetR71_2 Pin=U5-U13
Added Pin To Net: NetName=ULPI_D6 Pin=U5-U14
Added Pin To Net: NetName=NetR52_1 Pin=U5-U16
Added Pin To Net: NetName=GND Pin=U5-U17
Add Pin To Net: Unknown Pin: Pin U9-1
Add Pin To Net: Unknown Pin: Pin U9-2
Add Pin To Net: Unknown Pin: Pin U9-3
Add Pin To Net: Unknown Pin: Pin U9-4
Add Pin To Net: Unknown Pin: Pin U9-5
Add Pin To Net: Unknown Pin: Pin U9-6
Add Pin To Net: Unknown Pin: Pin U9-7
Add Pin To Net: Unknown Pin: Pin U12-1
Add Pin To Net: Unknown Pin: Pin U12-2
Add Pin To Net: Unknown Pin: Pin U12-3
Add Pin To Net: Unknown Pin: Pin U12-4
Add Pin To Net: Unknown Pin: Pin U12-5
Add Pin To Net: Unknown Pin: Pin U12-6
Add Pin To Net: Unknown Pin: Pin U12-7
Add Pin To Net: Unknown Pin: Pin U12-8
Add Pin To Net: Unknown Pin: Pin U12-9
Add Pin To Net: Unknown Pin: Pin U12-10
Add Pin To Net: Unknown Pin: Pin U12-11
Add Pin To Net: Unknown Pin: Pin U12-12
Add Pin To Net: Unknown Pin: Pin U12-13
Add Pin To Net: Unknown Pin: Pin U12-14
Add Pin To Net: Unknown Pin: Pin U12-15
Add Pin To Net: Unknown Pin: Pin U12-16
Add Pin To Net: Unknown Pin: Pin U12-17
Add Pin To Net: Unknown Pin: Pin U12-18
Add Pin To Net: Unknown Pin: Pin U12-19
Add Pin To Net: Unknown Pin: Pin U12-20
Add Pin To Net: Unknown Pin: Pin U12-21
Add Pin To Net: Unknown Pin: Pin U12-22
Change Net Name : Old Net Name=EF_5_AUX New Net Name=NetR157_1
Change Net Name : Old Net Name=NetR154_1 New Net Name=AUXOFF
Change Net Name : Old Net Name=NetR155_1 New Net Name=FLT#
Added Pin To Net: NetName=NetU5_H15 Pin=U5-H15
Added Net: Name=NetU5_H15
Add Net: Net with name "USB_CON_N" already exists
Add Differential Pair: Number of nets in differential pair USB_CON is 1 instead of 2
Add Class Member: Failed to add class member : Component C78 4.7nF/16V
Add Class Member: Failed to add class member : Component J3 5040500991
Add Class Member: Failed to add class member : Component J6 009159010061911
Add Class Member: Failed to add class member : Component J7 009159010061911
Add Class Member: Failed to add class member : Component R151 60R
Add Class Member: Failed to add class member : Component R152 60R
Add Class Member: Failed to add class member : Component R153 10K
Added Member To Class: ClassName=MCU Member=Component U5
