Removed Pin From Net: NetName=USB_CON_N Pin=R119-2
Add component: Footprint Not Found CAP_C_1608X80
Added Component: Designator=J6(009159010061911)
Added Component: Designator=J7(009159010061911)
Add component: Footprint Not Found RES_C_1608X60
Add component: Footprint Not Found RES_C_1608X60
Add component: Footprint Not Found RES_C_1608X60
Add Pin To Net: Unknown Pin: Pin C78-1
Add Pin To Net: Unknown Pin: Pin C78-2
Add Pin To Net: Unknown Pin: Pin J3-1
Add Pin To Net: Unknown Pin: Pin J3-2
Add Pin To Net: Unknown Pin: Pin J3-3
Add Pin To Net: Unknown Pin: Pin J3-4
Add Pin To Net: Unknown Pin: Pin J3-5
Add Pin To Net: Unknown Pin: Pin J3-6
Add Pin To Net: Unknown Pin: Pin J3-7
Add Pin To Net: Unknown Pin: Pin J3-8
Add Pin To Net: Unknown Pin: Pin J3-9
Added Pin To Net: NetName=JTDO/SWO Pin=J6-1
Added Pin To Net: NetName=JTCK/SWCLK Pin=J6-2
Added Pin To Net: NetName=JTMS/SWDO Pin=J6-3
Added Pin To Net: NetName=JTDI Pin=J6-4
Added Pin To Net: NetName=NC Pin=J6-5
Added Pin To Net: NetName=VREF+ Pin=J7-1
Added Pin To Net: NetName=RESET# Pin=J7-2
Added Pin To Net: NetName=DEBUG_UART_TX Pin=J7-3
Added Pin To Net: NetName=DEBUG_UART_RX Pin=J7-4
Added Pin To Net: NetName=GND Pin=J7-5
Add Pin To Net: Unknown Pin: Pin R151-1
Add Pin To Net: Unknown Pin: Pin R151-2
Add Pin To Net: Unknown Pin: Pin R152-1
Add Pin To Net: Unknown Pin: Pin R152-2
Add Pin To Net: Unknown Pin: Pin R153-1
Add Pin To Net: Unknown Pin: Pin U9-1
Add Pin To Net: Unknown Pin: Pin U9-2
Add Pin To Net: Unknown Pin: Pin U9-3
Add Pin To Net: Unknown Pin: Pin U9-4
Add Pin To Net: Unknown Pin: Pin U9-5
Add Pin To Net: Unknown Pin: Pin U9-6
Add Pin To Net: Unknown Pin: Pin U9-7
Add Pin To Net: Unknown Pin: Pin U12-1
Add Pin To Net: Unknown Pin: Pin U12-2
Add Pin To Net: Unknown Pin: Pin U12-3
Add Pin To Net: Unknown Pin: Pin U12-4
Add Pin To Net: Unknown Pin: Pin U12-5
Add Pin To Net: Unknown Pin: Pin U12-6
Add Pin To Net: Unknown Pin: Pin U12-7
Add Pin To Net: Unknown Pin: Pin U12-8
Add Pin To Net: Unknown Pin: Pin U12-9
Add Pin To Net: Unknown Pin: Pin U12-10
Add Pin To Net: Unknown Pin: Pin U12-11
Add Pin To Net: Unknown Pin: Pin U12-12
Add Pin To Net: Unknown Pin: Pin U12-13
Add Pin To Net: Unknown Pin: Pin U12-14
Add Pin To Net: Unknown Pin: Pin U12-15
Add Pin To Net: Unknown Pin: Pin U12-16
Add Pin To Net: Unknown Pin: Pin U12-17
Add Pin To Net: Unknown Pin: Pin U12-18
Add Pin To Net: Unknown Pin: Pin U12-19
Add Pin To Net: Unknown Pin: Pin U12-20
Add Pin To Net: Unknown Pin: Pin U12-21
Add Pin To Net: Unknown Pin: Pin U12-22
Added Pin To Net: NetName=NetR120_2 Pin=R120-2
Added Net: Name=NetR120_2
Added Pin To Net: NetName=USB_CON_P Pin=J11-7
Added Pin To Net: NetName=USB_CON_P Pin=R119-2
Added Net: Name=USB_CON_P
Change Class Name : Old Net Name=N000-1_[0..9] New Net Name=N000-2_[0..9]
Change Class Name : Old Net Name=N000-2_[0..4] New Net Name=N000-1_[0..4]
Add Class Member: Failed to add class member : Component C78 4.7nF/16V
Add Class Member: Failed to add class member : Component J3 5040500991
Added Member To Class: ClassName=DEBUG Member=Component J6 009159010061911
Added Member To Class: ClassName=DEBUG Member=Component J7 009159010061911
Add Class Member: Failed to add class member : Component R151 60R
Add Class Member: Failed to add class member : Component R152 60R
Add Class Member: Failed to add class member : Component R153 10K
