Added Component: Designator=J3(5040500991)
Added Pin To Net: NetName=LVDS_TxD_P Pin=J3-1
Added Pin To Net: NetName=LVDS_TxD_N Pin=J3-2
Added Pin To Net: NetName=LVDS_RxD_P Pin=J3-3
Added Pin To Net: NetName=LVDS_RxD_N Pin=J3-4
Added Pin To Net: NetName=GND Pin=J3-5
Added Pin To Net: NetName=LVDS_TxC_P Pin=J3-6
Added Pin To Net: NetName=LVDS_TxC_N Pin=J3-7
Added Pin To Net: NetName=LVDS_RxC_P Pin=J3-8
Added Pin To Net: NetName=LVDS_RxC_N Pin=J3-9
Add Pin To Net: Unknown Pin: Pin U12-1
Add Pin To Net: Unknown Pin: Pin U12-2
Add Pin To Net: Unknown Pin: Pin U12-3
Add Pin To Net: Unknown Pin: Pin U12-4
Add Pin To Net: Unknown Pin: Pin U12-5
Add Pin To Net: Unknown Pin: Pin U12-6
Add Pin To Net: Unknown Pin: Pin U12-7
Add Pin To Net: Unknown Pin: Pin U12-8
Add Pin To Net: Unknown Pin: Pin U12-9
Add Pin To Net: Unknown Pin: Pin U12-10
Add Pin To Net: Unknown Pin: Pin U12-11
Add Pin To Net: Unknown Pin: Pin U12-12
Add Pin To Net: Unknown Pin: Pin U12-13
Add Pin To Net: Unknown Pin: Pin U12-14
Add Pin To Net: Unknown Pin: Pin U12-15
Add Pin To Net: Unknown Pin: Pin U12-16
Add Pin To Net: Unknown Pin: Pin U12-17
Add Pin To Net: Unknown Pin: Pin U12-18
Add Pin To Net: Unknown Pin: Pin U12-19
Add Pin To Net: Unknown Pin: Pin U12-20
Add Pin To Net: Unknown Pin: Pin U12-21
Add Pin To Net: Unknown Pin: Pin U12-22
Added Member To Class: ClassName=LVDS Member=Component J3 5040500991
