Removed Pin From Net: NetName=VREF+ Pin=J7-1
Removed Pin From Net: NetName=RESET# Pin=J7-2
Removed Pin From Net: NetName=DEBUG_UART_TX Pin=J7-3
Removed Pin From Net: NetName=DEBUG_UART_RX Pin=J7-4
Removed Pin From Net: NetName=GND Pin=J7-5
Removed Member From Class: ClassName=DEBUG Member=J7
Added Pin To Net: NetName=VREF+ Pin=J6-6
Added Pin To Net: NetName=RESET# Pin=J6-7
Added Pin To Net: NetName=DEBUG_UART_TX Pin=J6-8
Added Pin To Net: NetName=DEBUG_UART_RX Pin=J6-9
Added Pin To Net: NetName=GND Pin=J6-10
Added Pin To Net: NetName=RESET# Pin=R19-1
Add Pin To Net: Unknown Pin: Pin U12-1
Add Pin To Net: Unknown Pin: Pin U12-2
Add Pin To Net: Unknown Pin: Pin U12-3
Add Pin To Net: Unknown Pin: Pin U12-4
Add Pin To Net: Unknown Pin: Pin U12-5
Add Pin To Net: Unknown Pin: Pin U12-6
Add Pin To Net: Unknown Pin: Pin U12-7
Add Pin To Net: Unknown Pin: Pin U12-8
Add Pin To Net: Unknown Pin: Pin U12-9
Add Pin To Net: Unknown Pin: Pin U12-10
Add Pin To Net: Unknown Pin: Pin U12-11
Add Pin To Net: Unknown Pin: Pin U12-12
Add Pin To Net: Unknown Pin: Pin U12-13
Add Pin To Net: Unknown Pin: Pin U12-14
Add Pin To Net: Unknown Pin: Pin U12-15
Add Pin To Net: Unknown Pin: Pin U12-16
Add Pin To Net: Unknown Pin: Pin U12-17
Add Pin To Net: Unknown Pin: Pin U12-18
Add Pin To Net: Unknown Pin: Pin U12-19
Add Pin To Net: Unknown Pin: Pin U12-20
Add Pin To Net: Unknown Pin: Pin U12-21
Add Pin To Net: Unknown Pin: Pin U12-22
Change Net Name : Old Net Name=NetR17_1 New Net Name=eMMC_RSTn
