Change Component DesignItemId : Designator=R200 Old DesignItemId=CMP-1012-00586-3 New DesignItemId=_RES_B_2
Change Component DesignItemId : Designator=R201 Old DesignItemId=CMP-1012-00586-3 New DesignItemId=_RES_B_2
Change Component DesignItemId : Designator=R202 Old DesignItemId=CMP-1012-00586-3 New DesignItemId=_RES_B_2
Change Component Footprint: Designator=R200 Old Footprint=RESC1608X55X30NL15T15 New Footprint=RES_C_1608X60
Change Component Footprint: Designator=R201 Old Footprint=RESC1608X55X30NL15T15 New Footprint=RES_C_1608X60
Change Component Footprint: Designator=R202 Old Footprint=RESC1608X55X30NL15T15 New Footprint=RES_C_1608X60
Change Component Description : Designator=R200 Old Description=Precision Thick Film Chip Resistor, 4.7 KOhm, +/- 1%, -55 to 155 degC, 0603 (1608 Metric), RoHS, Tape and Reel New Description=RES
Change Component Description : Designator=R201 Old Description=Precision Thick Film Chip Resistor, 4.7 KOhm, +/- 1%, -55 to 155 degC, 0603 (1608 Metric), RoHS, Tape and Reel New Description=RES
Change Component Description : Designator=R202 Old Description=Precision Thick Film Chip Resistor, 4.7 KOhm, +/- 1%, -55 to 155 degC, 0603 (1608 Metric), RoHS, Tape and Reel New Description=RES
Change Component Library : Designator=R200 Old Library=Altium Content Vault New Library=LABLIB.SchLib
Change Component Library : Designator=R201 Old Library=Altium Content Vault New Library=LABLIB.SchLib
Change Component Library : Designator=R202 Old Library=Altium Content Vault New Library=LABLIB.SchLib
Change Managed Component Library Link : Designator=R200 Old VaultGUID= New VaultGUID= Old ItemGUID=2E55CD9E-89FE-42E1-BBB8-A639F96C14A7 New ItemGUID= Old RevisionGUID=769193B1-E745-426E-8B81-2BBC882CE734 New RevisionGUID=
Change Managed Component Library Link : Designator=R201 Old VaultGUID= New VaultGUID= Old ItemGUID=2E55CD9E-89FE-42E1-BBB8-A639F96C14A7 New ItemGUID= Old RevisionGUID=769193B1-E745-426E-8B81-2BBC882CE734 New RevisionGUID=
Change Managed Component Library Link : Designator=R202 Old VaultGUID= New VaultGUID= Old ItemGUID=2E55CD9E-89FE-42E1-BBB8-A639F96C14A7 New ItemGUID= Old RevisionGUID=769193B1-E745-426E-8B81-2BBC882CE734 New RevisionGUID=
Change component parameters: Designator = "R200" ("R200"); Footprint = "RESC1608X55X30NL15T15"; UniqueID = "\HKURKANR" ("\HKURKANR")
Change component parameters: Designator = "R201" ("R201"); Footprint = "RESC1608X55X30NL15T15"; UniqueID = "\GIVXIWFD" ("\GIVXIWFD")
Change component parameters: Designator = "R202" ("R202"); Footprint = "RESC1608X55X30NL15T15"; UniqueID = "\GZADKGZC" ("\GZADKGZC")
Add Pin To Net: Unknown Pin: Pin U12-1
Add Pin To Net: Unknown Pin: Pin U12-2
Add Pin To Net: Unknown Pin: Pin U12-3
Add Pin To Net: Unknown Pin: Pin U12-4
Add Pin To Net: Unknown Pin: Pin U12-5
Add Pin To Net: Unknown Pin: Pin U12-6
Add Pin To Net: Unknown Pin: Pin U12-7
Add Pin To Net: Unknown Pin: Pin U12-8
Add Pin To Net: Unknown Pin: Pin U12-9
Add Pin To Net: Unknown Pin: Pin U12-10
Add Pin To Net: Unknown Pin: Pin U12-11
Add Pin To Net: Unknown Pin: Pin U12-12
Add Pin To Net: Unknown Pin: Pin U12-13
Add Pin To Net: Unknown Pin: Pin U12-14
Add Pin To Net: Unknown Pin: Pin U12-15
Add Pin To Net: Unknown Pin: Pin U12-16
Add Pin To Net: Unknown Pin: Pin U12-17
Add Pin To Net: Unknown Pin: Pin U12-18
Add Pin To Net: Unknown Pin: Pin U12-19
Add Pin To Net: Unknown Pin: Pin U12-20
Add Pin To Net: Unknown Pin: Pin U12-21
Add Pin To Net: Unknown Pin: Pin U12-22
