Change Component Footprint: Designator=R203 Old Footprint=RESC1608X55X30LL15T15 New Footprint=RES_C_1608X60
Change Component Footprint: Designator=R204 Old Footprint=RESC1608X55X30LL15T15 New Footprint=RES_C_1608X60
Change Component Footprint: Designator=R205 Old Footprint=RESC1608X55X30LL15T15 New Footprint=RES_C_1608X60
Change Component Footprint: Designator=R206 Old Footprint=RESC1608X55X30LL15T15 New Footprint=RES_C_1608X60
Change Managed Component Library Link : Designator=R203 Old VaultGUID=B7D15EC3-160A-466F-A46C-7801FE6295A7 New VaultGUID= Old ItemGUID=B01DD466-3617-414E-8E9D-029F98601317 New ItemGUID= Old RevisionGUID=8FAB8591-D1EA-40E9-A46D-2CDAD26759FE New RevisionGUID=
Change Managed Component Library Link : Designator=R204 Old VaultGUID=B7D15EC3-160A-466F-A46C-7801FE6295A7 New VaultGUID= Old ItemGUID=B01DD466-3617-414E-8E9D-029F98601317 New ItemGUID= Old RevisionGUID=8FAB8591-D1EA-40E9-A46D-2CDAD26759FE New RevisionGUID=
Change Managed Component Library Link : Designator=R205 Old VaultGUID=B7D15EC3-160A-466F-A46C-7801FE6295A7 New VaultGUID= Old ItemGUID=B01DD466-3617-414E-8E9D-029F98601317 New ItemGUID= Old RevisionGUID=8FAB8591-D1EA-40E9-A46D-2CDAD26759FE New RevisionGUID=
Change Managed Component Library Link : Designator=R206 Old VaultGUID=B7D15EC3-160A-466F-A46C-7801FE6295A7 New VaultGUID= Old ItemGUID=B01DD466-3617-414E-8E9D-029F98601317 New ItemGUID= Old RevisionGUID=8FAB8591-D1EA-40E9-A46D-2CDAD26759FE New RevisionGUID=
Change component parameters: Designator = "R203" ("R203"); Footprint = "RESC1608X55X30LL15T15"; UniqueID = "\FNXJAWGD" ("\FNXJAWGD")
Change component parameters: Designator = "R204" ("R204"); Footprint = "RESC1608X55X30LL15T15"; UniqueID = "\VTWIBAWM" ("\VTWIBAWM")
Change component parameters: Designator = "R205" ("R205"); Footprint = "RESC1608X55X30LL15T15"; UniqueID = "\YYFNRARY" ("\YYFNRARY")
Change component parameters: Designator = "R206" ("R206"); Footprint = "RESC1608X55X30LL15T15"; UniqueID = "\IURXHQQF" ("\IURXHQQF")
Add Pin To Net: Unknown Pin: Pin U12-1
Add Pin To Net: Unknown Pin: Pin U12-2
Add Pin To Net: Unknown Pin: Pin U12-3
Add Pin To Net: Unknown Pin: Pin U12-4
Add Pin To Net: Unknown Pin: Pin U12-5
Add Pin To Net: Unknown Pin: Pin U12-6
Add Pin To Net: Unknown Pin: Pin U12-7
Add Pin To Net: Unknown Pin: Pin U12-8
Add Pin To Net: Unknown Pin: Pin U12-9
Add Pin To Net: Unknown Pin: Pin U12-10
Add Pin To Net: Unknown Pin: Pin U12-11
Add Pin To Net: Unknown Pin: Pin U12-12
Add Pin To Net: Unknown Pin: Pin U12-13
Add Pin To Net: Unknown Pin: Pin U12-14
Add Pin To Net: Unknown Pin: Pin U12-15
Add Pin To Net: Unknown Pin: Pin U12-16
Add Pin To Net: Unknown Pin: Pin U12-17
Add Pin To Net: Unknown Pin: Pin U12-18
Add Pin To Net: Unknown Pin: Pin U12-19
Add Pin To Net: Unknown Pin: Pin U12-20
Add Pin To Net: Unknown Pin: Pin U12-21
Add Pin To Net: Unknown Pin: Pin U12-22
