Change Component Designator: OldDesignator=C105 NewDesignator=C107
Change Component Designator: OldDesignator=C106 NewDesignator=C105
Change Component Designator: OldDesignator=C107 NewDesignator=C106
Add component: Footprint Not Found Jump2
Add component: Footprint Not Found Jump2
Add component: Footprint Not Found Jump2
Add component: Footprint Not Found Jump2
Add component: Footprint Not Found Jump2
Add component: Footprint Not Found Jump2
Add component: Footprint Not Found Jump2
Add component: Footprint Not Found Jump2
Add component: Footprint Not Found Jump2
Add component: Footprint Not Found Jump2
Add component: Footprint Not Found Jump2
Add component: Footprint Not Found Jump2
Add component: Footprint Not Found Jump2
Add component: Footprint Not Found Jump2
Add component: Footprint Not Found Jump2
Add component: Footprint Not Found Jump2
Add component: Footprint Not Found Jump2
Add component: Footprint Not Found Jump2
Add component: Footprint Not Found TSSOP8_SOT505-1_NXP
Added Component: Designator=U19(TPL5010DDCR)
Add Pin To Net: Unknown Pin: Pin SB1-1
Add Pin To Net: Unknown Pin: Pin SB1-2
Add Pin To Net: Unknown Pin: Pin SB2-1
Add Pin To Net: Unknown Pin: Pin SB2-2
Add Pin To Net: Unknown Pin: Pin SB3-1
Add Pin To Net: Unknown Pin: Pin SB3-2
Add Pin To Net: Unknown Pin: Pin SB4-1
Add Pin To Net: Unknown Pin: Pin SB4-2
Add Pin To Net: Unknown Pin: Pin SB5-1
Add Pin To Net: Unknown Pin: Pin SB5-2
Add Pin To Net: Unknown Pin: Pin SB6-1
Add Pin To Net: Unknown Pin: Pin SB6-2
Add Pin To Net: Unknown Pin: Pin SB7-1
Add Pin To Net: Unknown Pin: Pin SB7-2
Add Pin To Net: Unknown Pin: Pin SB8-1
Add Pin To Net: Unknown Pin: Pin SB8-2
Add Pin To Net: Unknown Pin: Pin SB9-1
Add Pin To Net: Unknown Pin: Pin SB9-2
Add Pin To Net: Unknown Pin: Pin SB10-1
Add Pin To Net: Unknown Pin: Pin SB10-2
Add Pin To Net: Unknown Pin: Pin SB11-1
Add Pin To Net: Unknown Pin: Pin SB11-2
Add Pin To Net: Unknown Pin: Pin SB12-1
Add Pin To Net: Unknown Pin: Pin SB12-2
Add Pin To Net: Unknown Pin: Pin SB13-1
Add Pin To Net: Unknown Pin: Pin SB13-2
Add Pin To Net: Unknown Pin: Pin SB14-1
Add Pin To Net: Unknown Pin: Pin SB14-2
Add Pin To Net: Unknown Pin: Pin SB15-1
Add Pin To Net: Unknown Pin: Pin SB15-2
Add Pin To Net: Unknown Pin: Pin SB16-1
Add Pin To Net: Unknown Pin: Pin SB16-2
Add Pin To Net: Unknown Pin: Pin SB17-1
Add Pin To Net: Unknown Pin: Pin SB17-2
Add Pin To Net: Unknown Pin: Pin SB18-1
Add Pin To Net: Unknown Pin: Pin SB18-2
Add Pin To Net: Unknown Pin: Pin U12-1
Add Pin To Net: Unknown Pin: Pin U12-2
Add Pin To Net: Unknown Pin: Pin U12-3
Add Pin To Net: Unknown Pin: Pin U12-4
Add Pin To Net: Unknown Pin: Pin U12-5
Add Pin To Net: Unknown Pin: Pin U12-6
Add Pin To Net: Unknown Pin: Pin U12-7
Add Pin To Net: Unknown Pin: Pin U12-8
Add Pin To Net: Unknown Pin: Pin U12-9
Add Pin To Net: Unknown Pin: Pin U12-10
Add Pin To Net: Unknown Pin: Pin U12-11
Add Pin To Net: Unknown Pin: Pin U12-12
Add Pin To Net: Unknown Pin: Pin U12-13
Add Pin To Net: Unknown Pin: Pin U12-14
Add Pin To Net: Unknown Pin: Pin U12-15
Add Pin To Net: Unknown Pin: Pin U12-16
Add Pin To Net: Unknown Pin: Pin U12-17
Add Pin To Net: Unknown Pin: Pin U12-18
Add Pin To Net: Unknown Pin: Pin U12-19
Add Pin To Net: Unknown Pin: Pin U12-20
Add Pin To Net: Unknown Pin: Pin U12-21
Add Pin To Net: Unknown Pin: Pin U12-22
Add Pin To Net: Unknown Pin: Pin U17-1
Add Pin To Net: Unknown Pin: Pin U17-2
Add Pin To Net: Unknown Pin: Pin U17-3
Add Pin To Net: Unknown Pin: Pin U17-4
Add Pin To Net: Unknown Pin: Pin U17-5
Add Pin To Net: Unknown Pin: Pin U17-6
Add Pin To Net: Unknown Pin: Pin U17-7
Add Pin To Net: Unknown Pin: Pin U17-8
Added Pin To Net: NetName=3V3 Pin=U19-1
Added Pin To Net: NetName=GND Pin=U19-2
Added Pin To Net: NetName=NetR200_2 Pin=U19-3
Added Pin To Net: NetName=NetR202_1 Pin=U19-4
Added Pin To Net: NetName=NetR201_1 Pin=U19-5
Added Pin To Net: NetName=NetR199_1 Pin=U19-6
Add Class Member: Failed to add class member : Component SB1 SB_ON
Add Class Member: Failed to add class member : Component SB2 SB_OFF
Add Class Member: Failed to add class member : Component SB3 SB_OFF
Add Class Member: Failed to add class member : Component SB4 SB_ON
Add Class Member: Failed to add class member : Component SB5 Solder Bridge OFF
Add Class Member: Failed to add class member : Component SB6 SB_ON
Add Class Member: Failed to add class member : Component SB7 SB_ON
Add Class Member: Failed to add class member : Component SB8 SB_OFF
Add Class Member: Failed to add class member : Component SB9 SB_ON
Add Class Member: Failed to add class member : Component SB10 SB_ON
Add Class Member: Failed to add class member : Component SB11 SB_OFF
Add Class Member: Failed to add class member : Component SB12 SB_OFF
Add Class Member: Failed to add class member : Component SB13 SB_OFF
Add Class Member: Failed to add class member : Component SB14 SB_ON
Add Class Member: Failed to add class member : Component SB15 SB_OFF
Add Class Member: Failed to add class member : Component SB16 SB_ON
Add Class Member: Failed to add class member : Component SB17 SB_ON
Add Class Member: Failed to add class member : Component SB18 SB_ON
Add Class Member: Failed to add class member : Component U17 PCA9508DP,118
Added Member To Class: ClassName=WATCHDOG Member=Component U19 TPL5015DDCR
