Change Component Designator: Old Designator=C46 New Designator=C?
Change Component Designator: Old Designator=C47 New Designator=C?
Change Component Designator: Old Designator=C48 New Designator=C?
Change Component Designator: Old Designator=C49 New Designator=C?
Change Component Designator: Old Designator=C50 New Designator=C?
Change Component Designator: Old Designator=C51 New Designator=C?
Change Component Designator: Old Designator=C52 New Designator=C?
Change Component Designator: Old Designator=C53 New Designator=C?
Change Component Designator: Old Designator=C54 New Designator=C?
Change Component Designator: Old Designator=C55 New Designator=C?
Change Component Designator: Old Designator=C56 New Designator=C?
Change Component Designator: Old Designator=C57 New Designator=C?
Change Component Designator: Old Designator=C58 New Designator=C?
Change Component Designator: Old Designator=C59 New Designator=C?
Change Component Designator: Old Designator=D1 New Designator=D?
Change Component Designator: Old Designator=DS3 New Designator=DS?
Change Component Designator: Old Designator=DS4 New Designator=DS?
Change Component Designator: Old Designator=J4 New Designator=J?
Change Component Designator: Old Designator=L1 New Designator=L?
Change Component Designator: Old Designator=R146 New Designator=R?
Change Component Designator: Old Designator=R147 New Designator=R?
Change Component Designator: Old Designator=R148 New Designator=R?
Change Component Designator: Old Designator=R149 New Designator=R?
Change Component Designator: Old Designator=R150 New Designator=R?
Change Component Designator: Old Designator=R151 New Designator=R?
Change Component Designator: Old Designator=R152 New Designator=R?
Change Component Designator: Old Designator=R153 New Designator=R?
Change Component Designator: Old Designator=R154 New Designator=R?
Change Component Designator: Old Designator=R155 New Designator=R?
Change Component Designator: Old Designator=R156 New Designator=R?
Change Component Designator: Old Designator=SB6 New Designator=SB?
Change Component Designator: Old Designator=TP2 New Designator=TP?
Change Component Designator: Old Designator=U13 New Designator=U?
Change Component Designator: Old Designator=U14 New Designator=U?
Change Component Designator: Old Designator=U15 New Designator=U?
