Change Component Designator: Old Designator=C78 New Designator=C46
Change Component Designator: Old Designator=C83 New Designator=C47
Change Component Designator: Old Designator=C84 New Designator=C48
Change Component Designator: Old Designator=C85 New Designator=C52
Change Component Designator: Old Designator=C86 New Designator=C49
Change Component Designator: Old Designator=C87 New Designator=C50
Change Component Designator: Old Designator=C88 New Designator=C59
Change Component Designator: Old Designator=C89 New Designator=C51
Change Component Designator: Old Designator=C90 New Designator=C53
Change Component Designator: Old Designator=C91 New Designator=C54
Change Component Designator: Old Designator=C92 New Designator=C55
Change Component Designator: Old Designator=C93 New Designator=C56
Change Component Designator: Old Designator=C? New Designator=C57
Change Component Designator: Old Designator=C? New Designator=C58
Change Component Designator: Old Designator=D2 New Designator=D1
Change Component Designator: Old Designator=J5 New Designator=J4
Change Component Designator: Old Designator=L2 New Designator=L1
Change Component Designator: Old Designator=R154 New Designator=R146
Change Component Designator: Old Designator=R155 New Designator=R147
Change Component Designator: Old Designator=R156 New Designator=R148
Change Component Designator: Old Designator=R157 New Designator=R149
Change Component Designator: Old Designator=R158 New Designator=R150
Change Component Designator: Old Designator=R159 New Designator=R151
Change Component Designator: Old Designator=R160 New Designator=R152
Change Component Designator: Old Designator=R161 New Designator=R153
Change Component Designator: Old Designator=R162 New Designator=R154
Change Component Designator: Old Designator=R163 New Designator=R155
Change Component Designator: Old Designator=R164 New Designator=R156
Change Component Designator: Old Designator=SB20 New Designator=SB6
Change Component Designator: Old Designator=TP5 New Designator=TP2
