Change Component Designator: Old Designator=C65 New Designator=C29
Change Component Designator: Old Designator=C66 New Designator=C37
Change Component Designator: Old Designator=C67 New Designator=C38
Change Component Designator: Old Designator=C68 New Designator=C36
Change Component Designator: Old Designator=C69 New Designator=C35
Change Component Designator: Old Designator=C70 New Designator=C30
Change Component Designator: Old Designator=C71 New Designator=C31
Change Component Designator: Old Designator=C72 New Designator=C32
Change Component Designator: Old Designator=C73 New Designator=C33
Change Component Designator: Old Designator=C74 New Designator=C34
Change Component Designator: Old Designator=FB3 New Designator=FB1
Change Component Designator: Old Designator=FB4 New Designator=FB2
Change Component Designator: Old Designator=J? New Designator=J1
Change Component Designator: Old Designator=R118 New Designator=R117
Change Component Designator: Old Designator=R119 New Designator=R118
Change Component Designator: Old Designator=R120 New Designator=R119
Change Component Designator: Old Designator=R121 New Designator=R120
Change Component Designator: Old Designator=R122 New Designator=R121
Change Component Designator: Old Designator=R123 New Designator=R122
Change Component Designator: Old Designator=R124 New Designator=R123
Change Component Designator: Old Designator=R125 New Designator=R124
Change Component Designator: Old Designator=R126 New Designator=R125
Change Component Designator: Old Designator=R127 New Designator=R126
Change Component Designator: Old Designator=R128 New Designator=R127
Change Component Designator: Old Designator=R129 New Designator=R128
Change Component Designator: Old Designator=R130 New Designator=R129
Change Component Designator: Old Designator=R131 New Designator=R130
Change Component Designator: Old Designator=R132 New Designator=R131
Change Component Designator: Old Designator=R133 New Designator=R132
Change Component Designator: Old Designator=R134 New Designator=R133
Change Component Designator: Old Designator=R135 New Designator=R134
Change Component Designator: Old Designator=R136 New Designator=R135
Change Component Designator: Old Designator=R138 New Designator=R136
Change Component Designator: Old Designator=R143 New Designator=R137
Change Component Designator: Old Designator=R144 New Designator=R138
Change Component Designator: Old Designator=R145 New Designator=R139
Change Component Designator: Old Designator=R148 New Designator=R140
Change Component Designator: Old Designator=R? New Designator=R141
Change Component Designator: Old Designator=R? New Designator=R142
Change Component Designator: Old Designator=U? New Designator=U8
